Copyright 1986-2020 Xilinx, Inc. All Rights Reserved.
-------------------------------------------------------------------------------------
| Tool Version : Vivado v.2020.2 (win64) Build 3064766 Wed Nov 18 09:12:45 MST 2020
| Date         : Sat Apr 16 19:58:43 2022
| Host         : Bryan running 64-bit major release  (build 9200)
| Command      : report_control_sets -verbose -file au_top_0_control_sets_placed.rpt
| Design       : au_top_0
| Device       : xc7a35t
-------------------------------------------------------------------------------------

Control Set Information

Table of Contents
-----------------
1. Summary
2. Histogram
3. Flip-Flop Distribution
4. Detailed Control Set Information

1. Summary
----------

+----------------------------------------------------------+-------+
|                          Status                          | Count |
+----------------------------------------------------------+-------+
| Total control sets                                       |    81 |
|    Minimum number of control sets                        |    81 |
|    Addition due to synthesis replication                 |     0 |
|    Addition due to physical synthesis replication        |     0 |
| Unused register locations in slices containing registers |   192 |
+----------------------------------------------------------+-------+
* Control sets can be merged at opt_design using control_set_merge or merge_equivalent_drivers
** Run report_qor_suggestions for automated merging and remapping suggestions


2. Histogram
------------

+--------------------+-------+
|       Fanout       | Count |
+--------------------+-------+
| Total control sets |    81 |
| >= 0 to < 4        |     0 |
| >= 4 to < 6        |    23 |
| >= 6 to < 8        |    34 |
| >= 8 to < 10       |     0 |
| >= 10 to < 12      |     1 |
| >= 12 to < 14      |     8 |
| >= 14 to < 16      |     0 |
| >= 16              |    15 |
+--------------------+-------+
* Control sets can be remapped at either synth_design or opt_design


3. Flip-Flop Distribution
-------------------------

+--------------+-----------------------+------------------------+-----------------+--------------+
| Clock Enable | Synchronous Set/Reset | Asynchronous Set/Reset | Total Registers | Total Slices |
+--------------+-----------------------+------------------------+-----------------+--------------+
| No           | No                    | No                     |              33 |           14 |
| No           | No                    | Yes                    |               0 |            0 |
| No           | Yes                   | No                     |              76 |           44 |
| Yes          | No                    | No                     |              34 |           19 |
| Yes          | No                    | Yes                    |               0 |            0 |
| Yes          | Yes                   | No                     |             777 |          246 |
+--------------+-----------------------+------------------------+-----------------+--------------+


4. Detailed Control Set Information
-----------------------------------

+----------------+---------------------------------------------------------------------------------+-------------------------------------------------------------------------------+------------------+----------------+--------------+
|  Clock Signal  |                                  Enable Signal                                  |                                Set/Reset Signal                               | Slice Load Count | Bel Load Count | Bels / Slice |
+----------------+---------------------------------------------------------------------------------+-------------------------------------------------------------------------------+------------------+----------------+--------------+
|  clk_IBUF_BUFG |                                                                                 | reset_cond/M_reset_cond_in                                                    |                3 |              4 |         1.33 |
|  clk_IBUF_BUFG | betaCPU/bottom_matrix_control/matrix3/matrix_writer/M_bit_ctr_q[4]_i_1__1_n_0   | reset_cond/Q[0]                                                               |                2 |              5 |         2.50 |
|  clk_IBUF_BUFG | betaCPU/control_unit/M_stage_q_reg[3]_53[0]                                     | reset_cond/Q[0]                                                               |                1 |              5 |         5.00 |
|  clk_IBUF_BUFG | betaCPU/bottom_matrix_control/matrix4/matrix_writer/M_bit_ctr_q[4]_i_1__2_n_0   | reset_cond/Q[0]                                                               |                2 |              5 |         2.50 |
|  clk_IBUF_BUFG | betaCPU/control_unit/M_stage_q_reg[3]_44[0]                                     | reset_cond/Q[0]                                                               |                2 |              5 |         2.50 |
|  clk_IBUF_BUFG | betaCPU/top_matrix_control/matrix2/matrix_writer/M_pixel_ctr_q[4]_i_1__4_n_0    | reset_cond/Q[0]                                                               |                2 |              5 |         2.50 |
|  clk_IBUF_BUFG | betaCPU/top_matrix_control/matrix2/matrix_writer/M_bit_ctr_q[4]_i_1__4_n_0      | reset_cond/Q[0]                                                               |                1 |              5 |         5.00 |
|  clk_IBUF_BUFG | betaCPU/top_matrix_control/matrix1/matrix_writer/M_bit_ctr_q[4]_i_1__3_n_0      | reset_cond/Q[0]                                                               |                2 |              5 |         2.50 |
|  clk_IBUF_BUFG | betaCPU/top_matrix_control/matrix1/matrix_writer/M_pixel_ctr_q[4]_i_1__3_n_0    | reset_cond/Q[0]                                                               |                2 |              5 |         2.50 |
|  clk_IBUF_BUFG | betaCPU/top_matrix_control/matrix4/matrix_writer/M_pixel_ctr_q[4]_i_1__6_n_0    | reset_cond/Q[0]                                                               |                2 |              5 |         2.50 |
|  clk_IBUF_BUFG | betaCPU/control_unit/M_stage_q_reg[3]_52[0]                                     | reset_cond/Q[0]                                                               |                2 |              5 |         2.50 |
|  clk_IBUF_BUFG | betaCPU/top_matrix_control/matrix4/matrix_writer/M_bit_ctr_q[4]_i_1__6_n_0      | reset_cond/Q[0]                                                               |                2 |              5 |         2.50 |
|  clk_IBUF_BUFG | betaCPU/bottom_matrix_control/matrix1/matrix_writer/M_bit_ctr_q[4]_i_1_n_0      | reset_cond/Q[0]                                                               |                2 |              5 |         2.50 |
|  clk_IBUF_BUFG | betaCPU/bottom_matrix_control/matrix4/matrix_writer/M_pixel_ctr_q[4]_i_1__2_n_0 | reset_cond/Q[0]                                                               |                3 |              5 |         1.67 |
|  clk_IBUF_BUFG | betaCPU/top_matrix_control/matrix3/matrix_writer/M_bit_ctr_q[4]_i_1__5_n_0      | reset_cond/Q[0]                                                               |                1 |              5 |         5.00 |
|  clk_IBUF_BUFG | betaCPU/bottom_matrix_control/matrix1/matrix_writer/M_pixel_ctr_q[4]_i_1_n_0    | reset_cond/Q[0]                                                               |                3 |              5 |         1.67 |
|  clk_IBUF_BUFG | betaCPU/bottom_matrix_control/matrix2/matrix_writer/M_bit_ctr_q[4]_i_1__0_n_0   | reset_cond/Q[0]                                                               |                1 |              5 |         5.00 |
|  clk_IBUF_BUFG | betaCPU/bottom_matrix_control/matrix2/matrix_writer/M_pixel_ctr_q[4]_i_1__0_n_0 | reset_cond/Q[0]                                                               |                3 |              5 |         1.67 |
|  clk_IBUF_BUFG | betaCPU/control_unit/M_stage_q_reg[3]_37[0]                                     | reset_cond/Q[0]                                                               |                1 |              5 |         5.00 |
|  clk_IBUF_BUFG | betaCPU/top_matrix_control/matrix3/matrix_writer/M_pixel_ctr_q[4]_i_1__5_n_0    | reset_cond/Q[0]                                                               |                3 |              5 |         1.67 |
|  clk_IBUF_BUFG | betaCPU/control_unit/M_stage_q_reg[3]_54[0]                                     | reset_cond/Q[0]                                                               |                2 |              5 |         2.50 |
|  clk_IBUF_BUFG | betaCPU/control_unit/M_stage_q_reg[3]_45[0]                                     | reset_cond/Q[0]                                                               |                1 |              5 |         5.00 |
|  clk_IBUF_BUFG | betaCPU/bottom_matrix_control/matrix3/matrix_writer/M_pixel_ctr_q[4]_i_1__1_n_0 | reset_cond/Q[0]                                                               |                3 |              5 |         1.67 |
|  clk_IBUF_BUFG | betaCPU/top_matrix_control/matrix1/matrix_writer/M_state_d                      | reset_cond/Q[0]                                                               |                3 |              7 |         2.33 |
|  clk_IBUF_BUFG | betaCPU/top_matrix_control/matrix2/matrix_writer/M_state_d                      | reset_cond/Q[0]                                                               |                3 |              7 |         2.33 |
|  clk_IBUF_BUFG | betaCPU/control_unit/FSM_onehot_M_game_fsm_q_reg[29]_0                          |                                                                               |                6 |              7 |         1.17 |
|  clk_IBUF_BUFG | betaCPU/control_unit/M_stage_q_reg[3]_22                                        | betaCPU/control_unit/M_stage_q_reg[3]_56                                      |                2 |              7 |         3.50 |
|  clk_IBUF_BUFG | betaCPU/bottom_matrix_control/matrix1/matrix_writer/M_state_d                   | reset_cond/Q[0]                                                               |                3 |              7 |         2.33 |
|  clk_IBUF_BUFG | betaCPU/bottom_matrix_control/matrix2/matrix_writer/M_state_d                   | reset_cond/Q[0]                                                               |                3 |              7 |         2.33 |
|  clk_IBUF_BUFG | betaCPU/bottom_matrix_control/matrix3/matrix_writer/M_state_d                   | reset_cond/Q[0]                                                               |                3 |              7 |         2.33 |
|  clk_IBUF_BUFG | betaCPU/bottom_matrix_control/matrix4/matrix_writer/M_state_d                   | reset_cond/Q[0]                                                               |                3 |              7 |         2.33 |
|  clk_IBUF_BUFG | betaCPU/control_unit/M_stage_q_reg[3]_14                                        | betaCPU/control_unit/M_stage_q_reg[3]_20                                      |                4 |              7 |         1.75 |
|  clk_IBUF_BUFG | betaCPU/control_unit/M_stage_q_reg[3]_21                                        | betaCPU/control_unit/M_stage_q_reg[3]_55                                      |                6 |              7 |         1.17 |
|  clk_IBUF_BUFG | betaCPU/control_unit/M_stage_q_reg[3]_16                                        | betaCPU/control_unit/M_stage_q_reg[3]_19                                      |                4 |              7 |         1.75 |
|  clk_IBUF_BUFG | betaCPU/control_unit/M_stage_q_reg[3]_15                                        | betaCPU/control_unit/M_stage_q_reg[3]_18                                      |                4 |              7 |         1.75 |
|  clk_IBUF_BUFG | betaCPU/control_unit/M_stage_q_reg[3]_59                                        |                                                                               |                4 |              7 |         1.75 |
|  clk_IBUF_BUFG | betaCPU/control_unit/M_stage_q_reg[3]_46[0]                                     | reset_cond/Q[0]                                                               |                1 |              7 |         7.00 |
|  clk_IBUF_BUFG | betaCPU/control_unit/M_stage_q_reg[3]_47[0]                                     | reset_cond/Q[0]                                                               |                1 |              7 |         7.00 |
|  clk_IBUF_BUFG | betaCPU/control_unit/M_stage_q_reg[3]_48[0]                                     | reset_cond/Q[0]                                                               |                2 |              7 |         3.50 |
|  clk_IBUF_BUFG | betaCPU/control_unit/M_stage_q_reg[3]_31[0]                                     | reset_cond/Q[0]                                                               |                1 |              7 |         7.00 |
|  clk_IBUF_BUFG | betaCPU/control_unit/FSM_onehot_M_game_fsm_q_reg[5]_0                           | betaCPU/control_unit/M_stage_q_reg[3]_17                                      |                4 |              7 |         1.75 |
|  clk_IBUF_BUFG | betaCPU/control_unit/M_stage_q_reg[3]_30[0]                                     | reset_cond/Q[0]                                                               |                1 |              7 |         7.00 |
|  clk_IBUF_BUFG | betaCPU/control_unit/M_stage_q_reg[3]_33[0]                                     | reset_cond/Q[0]                                                               |                3 |              7 |         2.33 |
|  clk_IBUF_BUFG | betaCPU/control_unit/M_stage_q_reg[3]_38[0]                                     | reset_cond/Q[0]                                                               |                1 |              7 |         7.00 |
|  clk_IBUF_BUFG | betaCPU/control_unit/M_stage_q_reg[3]_41[0]                                     | reset_cond/Q[0]                                                               |                1 |              7 |         7.00 |
|  clk_IBUF_BUFG | betaCPU/control_unit/M_stage_q_reg[3]_35[0]                                     | reset_cond/Q[0]                                                               |                1 |              7 |         7.00 |
|  clk_IBUF_BUFG | betaCPU/control_unit/M_stage_q_reg[3]_39[0]                                     | reset_cond/Q[0]                                                               |                1 |              7 |         7.00 |
|  clk_IBUF_BUFG | betaCPU/control_unit/M_stage_q_reg[3]_34[0]                                     | reset_cond/Q[0]                                                               |                1 |              7 |         7.00 |
|  clk_IBUF_BUFG | betaCPU/control_unit/M_stage_q_reg[3]_36[0]                                     | reset_cond/Q[0]                                                               |                2 |              7 |         3.50 |
|  clk_IBUF_BUFG | betaCPU/control_unit/M_stage_q_reg[3]_42[0]                                     | reset_cond/Q[0]                                                               |                2 |              7 |         3.50 |
|  clk_IBUF_BUFG | betaCPU/control_unit/M_stage_q_reg[3]_40[0]                                     | reset_cond/Q[0]                                                               |                3 |              7 |         2.33 |
|  clk_IBUF_BUFG | betaCPU/control_unit/M_stage_q_reg[3]_43[0]                                     | reset_cond/Q[0]                                                               |                1 |              7 |         7.00 |
|  clk_IBUF_BUFG | betaCPU/control_unit/M_stage_q_reg[3]_49[0]                                     | reset_cond/Q[0]                                                               |                1 |              7 |         7.00 |
|  clk_IBUF_BUFG | betaCPU/control_unit/M_stage_q_reg[3]_50[0]                                     | reset_cond/Q[0]                                                               |                1 |              7 |         7.00 |
|  clk_IBUF_BUFG | betaCPU/control_unit/M_stage_q_reg[3]_51[0]                                     | reset_cond/Q[0]                                                               |                1 |              7 |         7.00 |
|  clk_IBUF_BUFG | betaCPU/top_matrix_control/matrix4/matrix_writer/M_state_d                      | reset_cond/Q[0]                                                               |                2 |              7 |         3.50 |
|  clk_IBUF_BUFG | betaCPU/top_matrix_control/matrix3/matrix_writer/M_state_d                      | reset_cond/Q[0]                                                               |                3 |              7 |         2.33 |
|  clk_IBUF_BUFG | betaCPU/control_unit/M_stage_q_reg[3]_32[0]                                     | reset_cond/Q[0]                                                               |                5 |             11 |         2.20 |
|  clk_IBUF_BUFG | betaCPU/bottom_matrix_control/matrix2/matrix_writer/M_rst_ctr_q[0]_i_2__0_n_0   | betaCPU/bottom_matrix_control/matrix2/matrix_writer/M_rst_ctr_q[0]_i_1__0_n_0 |                4 |             13 |         3.25 |
|  clk_IBUF_BUFG | betaCPU/bottom_matrix_control/matrix1/matrix_writer/M_rst_ctr_q[0]_i_2_n_0      | betaCPU/bottom_matrix_control/matrix1/matrix_writer/M_rst_ctr_q[0]_i_1_n_0    |                4 |             13 |         3.25 |
|  clk_IBUF_BUFG | betaCPU/top_matrix_control/matrix3/matrix_writer/M_rst_ctr_q[0]_i_2__5_n_0      | betaCPU/top_matrix_control/matrix3/matrix_writer/M_rst_ctr_q[0]_i_1__5_n_0    |                4 |             13 |         3.25 |
|  clk_IBUF_BUFG | betaCPU/top_matrix_control/matrix4/matrix_writer/M_rst_ctr_q[0]_i_2__6_n_0      | betaCPU/top_matrix_control/matrix4/matrix_writer/M_rst_ctr_q[0]_i_1__6_n_0    |                4 |             13 |         3.25 |
|  clk_IBUF_BUFG | betaCPU/top_matrix_control/matrix1/matrix_writer/M_rst_ctr_q[0]_i_2__3_n_0      | betaCPU/top_matrix_control/matrix1/matrix_writer/M_rst_ctr_q[0]_i_1__3_n_0    |                4 |             13 |         3.25 |
|  clk_IBUF_BUFG | betaCPU/bottom_matrix_control/matrix3/matrix_writer/M_rst_ctr_q[0]_i_2__1_n_0   | betaCPU/bottom_matrix_control/matrix3/matrix_writer/M_rst_ctr_q[0]_i_1__1_n_0 |                4 |             13 |         3.25 |
|  clk_IBUF_BUFG | betaCPU/top_matrix_control/matrix2/matrix_writer/M_rst_ctr_q[0]_i_2__4_n_0      | betaCPU/top_matrix_control/matrix2/matrix_writer/M_rst_ctr_q[0]_i_1__4_n_0    |                4 |             13 |         3.25 |
|  clk_IBUF_BUFG | betaCPU/bottom_matrix_control/matrix4/matrix_writer/M_rst_ctr_q[0]_i_2__2_n_0   | betaCPU/bottom_matrix_control/matrix4/matrix_writer/M_rst_ctr_q[0]_i_1__2_n_0 |                4 |             13 |         3.25 |
|  clk_IBUF_BUFG | keyboard_controller/a_/button_cond/M_ctr_q_reg[15]_0                            | keyboard_controller/a_/button_cond/sync/clear                                 |                5 |             20 |         4.00 |
|  clk_IBUF_BUFG | keyboard_controller/e_/button_cond/M_ctr_q_reg[15]_0                            | keyboard_controller/e_/button_cond/sync/M_pipe_q_reg[1]_0                     |                7 |             20 |         2.86 |
|  clk_IBUF_BUFG | button_panel_controller/clear_/button_cond/M_ctr_q_reg[11]_0                    | button_panel_controller/clear_/button_cond/sync/M_pipe_q_reg[1]_0             |                5 |             20 |         4.00 |
|  clk_IBUF_BUFG | reset_cond/E[0]                                                                 |                                                                               |                9 |             20 |         2.22 |
|  clk_IBUF_BUFG | keyboard_controller/t_/button_cond/M_ctr_q_reg[15]_0                            | keyboard_controller/t_/button_cond/sync/M_pipe_q_reg[1]_0                     |                8 |             20 |         2.50 |
|  clk_IBUF_BUFG | keyboard_controller/p_/button_cond/M_ctr_q[0]_i_2__5_n_0                        | keyboard_controller/p_/button_cond/sync/M_pipe_q_reg[1]_0                     |                5 |             20 |         4.00 |
|  clk_IBUF_BUFG | keyboard_controller/s_/button_cond/M_ctr_q_reg[15]_0                            | keyboard_controller/s_/button_cond/sync/M_pipe_q_reg[1]_0                     |                7 |             20 |         2.86 |
|  clk_IBUF_BUFG | keyboard_controller/o_/button_cond/M_ctr_q_reg[15]_0                            | keyboard_controller/o_/button_cond/sync/M_pipe_q_reg[1]_0                     |                7 |             20 |         2.86 |
|  clk_IBUF_BUFG | keyboard_controller/n_/button_cond/M_ctr_q_reg[15]_0                            | keyboard_controller/n_/button_cond/sync/M_pipe_q_reg[1]_0                     |                6 |             20 |         3.33 |
|  clk_IBUF_BUFG | keyboard_controller/l_/button_cond/M_ctr_q_reg[15]_0                            | keyboard_controller/l_/button_cond/sync/M_pipe_q_reg[1]_0                     |                7 |             20 |         2.86 |
|  clk_IBUF_BUFG | keyboard_controller/i_/button_cond/M_ctr_q_reg[15]_0                            | keyboard_controller/i_/button_cond/sync/M_pipe_q_reg[1]_0                     |                6 |             20 |         3.33 |
|  clk_IBUF_BUFG | button_panel_controller/check_/button_cond/M_ctr_q_reg[11]_0                    | button_panel_controller/check_/button_cond/sync/M_pipe_q_reg[1]_0             |                5 |             20 |         4.00 |
|  clk_IBUF_BUFG |                                                                                 |                                                                               |               14 |             33 |         2.36 |
|  clk_IBUF_BUFG |                                                                                 | reset_cond/Q[0]                                                               |               41 |             72 |         1.76 |
|  clk_IBUF_BUFG | betaCPU/control_unit/E[0]                                                       | reset_cond/Q[0]                                                               |               26 |            108 |         4.15 |
+----------------+---------------------------------------------------------------------------------+-------------------------------------------------------------------------------+------------------+----------------+--------------+


