case__3: au_top_0__GC0, 
case__2: au_top_0__GC0, 
case__4: au_top_0__GC0, 
case__1: au_top_0__GC0, 
logic__11: au_top_0__GC0, 
reg: au_top_0__GC0, 
reg__2: au_top_0__GC0, 
case__8: au_top_0__GC0, 
logic__5: au_top_0__GC0, 
case__5: au_top_0__GC0, 
datapath__2: au_top_0__GC0, 
case__9: au_top_0__GC0, 
case__11_green_alphabets_3__GD: case__11_green_alphabets_3__GD, 
case__12_yellow_alphabets_4__GD: case__12_yellow_alphabets_4__GD, 
au_top_0__GC0: au_top_0__GC0, 
case: au_top_0__GC0, 
logic__14: au_top_0__GC0, 
reg__1: au_top_0__GC0, 
muxpart: au_top_0__GC0, 
datapath: au_top_0__GC0, 
reset_conditioner_2: au_top_0__GC0, 
counter: au_top_0__GC0, 
led_strip_writer_1: au_top_0__GC0, 
case__6: au_top_0__GC0, 
logic__2: au_top_0__GC0, 
reg__4: au_top_0__GC0, 
logic__22: au_top_0__GC0, 
case__10: au_top_0__GC0, 
datapath__1: au_top_0__GC0, 
logic: au_top_0__GC0, 
logic__1: au_top_0__GC0, 
muxpart__1: au_top_0__GC0, 
reg__3: au_top_0__GC0, 
case__11: case__11_green_alphabets_3__GD, 
logic__6: au_top_0__GC0, 
case__7: au_top_0__GC0, 
case__12: case__12_yellow_alphabets_4__GD, 
