logic__95: au_top_0__GC0, 
case__63: au_top_0__GC0, 
case__30: au_top_0__GC0, 
logic__27: au_top_0__GC0, 
case__47: au_top_0__GC0, 
logic__74: au_top_0__GC0, 
case__68: au_top_0__GC0, 
logic__99: au_top_0__GC0, 
reg__15: au_top_0__GC0, 
reg__21: au_top_0__GC0, 
case__26: au_top_0__GC0, 
logic__29: au_top_0__GC0, 
case__24: au_top_0__GC0, 
datapath__2: au_top_0__GC0, 
case: au_top_0__GC0, 
logic__52: au_top_0__GC0, 
case__53: au_top_0__GC0, 
case__31: au_top_0__GC0, 
reg__22: au_top_0__GC0, 
case__65: au_top_0__GC0, 
reg__35: au_top_0__GC0, 
logic__28: au_top_0__GC0, 
reg__30: au_top_0__GC0, 
reg__17: au_top_0__GC0, 
datapath__1: au_top_0__GC0, 
reg__25: au_top_0__GC0, 
case__18: au_top_0__GC0, 
reg__5: au_top_0__GC0, 
reg__39: au_top_0__GC0, 
logic__50: au_top_0__GC0, 
logic__90: au_top_0__GC0, 
pipeline_10: au_top_0__GC0, 
reg__41: au_top_0__GC0, 
case__25: au_top_0__GC0, 
reg__6: au_top_0__GC0, 
led_strip_writer_4: au_top_0__GC0, 
case__40: au_top_0__GC0, 
logic__70: au_top_0__GC0, 
button_conditioner_8: au_top_0__GC0, 
case__54: au_top_0__GC0, 
case__49: au_top_0__GC0, 
counter: au_top_0__GC0, 
case__35: au_top_0__GC0, 
reg__9: au_top_0__GC0, 
case__39: au_top_0__GC0, 
logic__64: au_top_0__GC0, 
logic__30: au_top_0__GC0, 
logic__36: au_top_0__GC0, 
au_top_0__GC0: au_top_0__GC0, 
logic__91: au_top_0__GC0, 
case__46: au_top_0__GC0, 
reg__37: au_top_0__GC0, 
case__41: au_top_0__GC0, 
datapath: au_top_0__GC0, 
case__23: au_top_0__GC0, 
logic__73: au_top_0__GC0, 
logic__31: au_top_0__GC0, 
reg__40: au_top_0__GC0, 
muxpart__11: au_top_0__GC0, 
logic__58: au_top_0__GC0, 
logic__40: au_top_0__GC0, 
logic__61: au_top_0__GC0, 
reg__13: au_top_0__GC0, 
logic__47: au_top_0__GC0, 
case__62: au_top_0__GC0, 
case__50: au_top_0__GC0, 
logic__38: au_top_0__GC0, 
case__43: au_top_0__GC0, 
case__44: au_top_0__GC0, 
case__67_white_alphabets_5__GD: case__67_white_alphabets_5__GD, 
reg__31: au_top_0__GC0, 
reg__11: au_top_0__GC0, 
reg__29: au_top_0__GC0, 
logic__43: au_top_0__GC0, 
reg__24: au_top_0__GC0, 
reg__26: au_top_0__GC0, 
logic__60: au_top_0__GC0, 
logic__68: au_top_0__GC0, 
case__48: au_top_0__GC0, 
case__57: au_top_0__GC0, 
button_3: au_top_0__GC0, 
logic__48: au_top_0__GC0, 
reg__4: au_top_0__GC0, 
logic__82: au_top_0__GC0, 
case__21: au_top_0__GC0, 
case__34: au_top_0__GC0, 
case__14: au_top_0__GC0, 
logic__53: au_top_0__GC0, 
case__66: au_top_0__GC0, 
case__60: au_top_0__GC0, 
logic__46: au_top_0__GC0, 
reg__36: au_top_0__GC0, 
logic__32: au_top_0__GC0, 
case__61: au_top_0__GC0, 
case__22: au_top_0__GC0, 
logic__45: au_top_0__GC0, 
logic__33: au_top_0__GC0, 
reg: au_top_0__GC0, 
reg__8: au_top_0__GC0, 
case__28: au_top_0__GC0, 
reg__28: au_top_0__GC0, 
reg__19: au_top_0__GC0, 
reg__23: au_top_0__GC0, 
logic__37: au_top_0__GC0, 
case__27: au_top_0__GC0, 
case__67: case__67_white_alphabets_5__GD, 
reg__20: au_top_0__GC0, 
logic__65: au_top_0__GC0, 
logic__55: au_top_0__GC0, 
logic__57: au_top_0__GC0, 
logic__34: au_top_0__GC0, 
counter__1: au_top_0__GC0, 
reg__7: au_top_0__GC0, 
case__32: au_top_0__GC0, 
case__42: au_top_0__GC0, 
reg__10: au_top_0__GC0, 
reg__3: au_top_0__GC0, 
case__19: au_top_0__GC0, 
muxpart: au_top_0__GC0, 
case__64: au_top_0__GC0, 
case__36: au_top_0__GC0, 
logic__69: au_top_0__GC0, 
logic__56: au_top_0__GC0, 
game_6: au_top_0__GC0, 
reset_conditioner_1: au_top_0__GC0, 
logic__79: au_top_0__GC0, 
reg__38: au_top_0__GC0, 
logic__94: au_top_0__GC0, 
logic__44: au_top_0__GC0, 
case__45: au_top_0__GC0, 
case__59: au_top_0__GC0, 
case__12: au_top_0__GC0, 
reg__34: au_top_0__GC0, 
logic__63: au_top_0__GC0, 
reg__18: au_top_0__GC0, 
case__29: au_top_0__GC0, 
logic__35: au_top_0__GC0, 
reg__12: au_top_0__GC0, 
regfile_7: au_top_0__GC0, 
logic__62: au_top_0__GC0, 
case__55: au_top_0__GC0, 
reg__33: au_top_0__GC0, 
logic__51: au_top_0__GC0, 
reg__32: au_top_0__GC0, 
reg__16: au_top_0__GC0, 
case__52: au_top_0__GC0, 
logic__59: au_top_0__GC0, 
case__17: au_top_0__GC0, 
edge_detector_9: au_top_0__GC0, 
case__58: au_top_0__GC0, 
reg__27: au_top_0__GC0, 
case__38: au_top_0__GC0, 
reg__14: au_top_0__GC0, 
case__37: au_top_0__GC0, 
case__56: au_top_0__GC0, 
logic__39: au_top_0__GC0, 
case__20: au_top_0__GC0, 
logic__41: au_top_0__GC0, 
logic__42: au_top_0__GC0, 
logic__49: au_top_0__GC0, 
case__51: au_top_0__GC0, 
case__33: au_top_0__GC0, 
beta_2: au_top_0__GC0, 
logic__54: au_top_0__GC0, 
muxpart__10: au_top_0__GC0, 
