logic__95: logic__95
case__63: case__63
case__30: case__30
logic__27: logic__27
case__47: case__47
logic__74: logic__74
case__68: case__68
logic__100: logic__65
logic__99: logic__99
reg__15: reg__15
reg__21: reg__21
case__26: case__26
logic__29: logic__29
case__24: case__24
datapath__2: datapath__2
case: case
logic__52: logic__52
case__53: case__53
case__31: case__31
reg__42: reg__34
reg__22: reg__22
case__65: case__65
reg__35: reg__35
logic__28: logic__28
reg__30: reg__30
reg__17: reg__17
datapath__1: datapath__1
reg__25: reg__25
button_conditioner_8__2: button_conditioner_8
case__18: case__18
reg__5: reg__5
reg__39: reg__39
logic__50: logic__50
logic__90: logic__90
pipeline_10: pipeline_10
logic__106: logic__63
reg__41: reg__41
case__25: case__25
led_strip_writer_4: led_strip_writer_4
reg__6: reg__6
case__40: case__40
logic__70: logic__70
button_conditioner_8: button_conditioner_8
case__54: case__54
case__49: case__49
counter: counter
logic__101: logic__64
case__35: case__35
reg__9: reg__9
case__39: case__39
logic__64: logic__64
logic__30: logic__30
logic__36: logic__36
au_top_0__GC0: au_top_0__GC0
logic__91: logic__91
case__46: case__46
reg__37: reg__37
reg__44: reg__34
edge_detector_9__1: edge_detector_9
datapath: datapath
case__41: case__41
case__23: case__23
logic__73: logic__73
logic__31: logic__31
reg__40: reg__40
muxpart__11: muxpart__11
logic__58: logic__58
logic__40: logic__40
logic__103: logic__62
logic__61: logic__61
reg__13: reg__13
logic__47: logic__47
case__62: case__62
case__50: case__50
logic__38: logic__38
case__43: case__43
counter__3: counter
case__44: case__44
case__67_white_alphabets_5__GD: case__67_white_alphabets_5__GD
reg__31: reg__31
reg__11: reg__11
reg__29: reg__29
logic__43: logic__43
reg__24: reg__24
reg__26: reg__26
logic__68: logic__68
logic__60: logic__60
case__57: case__57
case__48: case__48
logic__105: logic__64
button_3: button_3
logic__48: logic__48
reg__4: reg__4
logic__82: logic__82
case__21: case__21
reg__43: reg__33
case__34: case__34
case__14: case__14
logic__102: logic__63
logic__53: logic__53
case__66: case__66
case__60: case__60
logic__46: logic__46
reg__36: reg__36
logic__32: logic__32
case__61: case__61
case__22: case__22
logic__45: logic__45
logic__33: logic__33
reg: reg
edge_detector_9__2: edge_detector_9
reg__8: reg__8
case__28: case__28
reg__28: reg__28
reg__19: reg__19
reg__23: reg__23
logic__37: logic__37
case__27: case__27
pipeline_10__2: pipeline_10
pipeline_10__1: pipeline_10
case__67: case__67
reg__45: reg__33
logic__65: logic__65
reg__20: reg__20
logic__55: logic__55
logic__57: logic__57
logic__34: logic__34
counter__1: counter__1
reg__7: reg__7
case__32: case__32
case__42: case__42
reg__10: reg__10
reg__3: reg__3
case__19: case__19
muxpart: muxpart
case__64: case__64
case__36: case__36
logic__69: logic__69
logic__56: logic__56
game_6: game_6
reset_conditioner_1: reset_conditioner_1
logic__79: logic__79
reg__38: reg__38
logic__94: logic__94
case__59: case__59
logic__44: logic__44
case__45: case__45
case__12: case__12
reg__34: reg__34
logic__63: logic__63
reg__18: reg__18
case__29: case__29
logic__35: logic__35
reg__12: reg__12
regfile_7: regfile_7
logic__62: logic__62
case__55: case__55
reg__33: reg__33
logic__51: logic__51
reg__32: reg__32
reg__16: reg__16
case__52: case__52
logic__59: logic__59
case__17: case__17
edge_detector_9: edge_detector_9
case__58: case__58
reg__27: reg__27
button_3__1: button_3
case__38: case__38
button_conditioner_8__1: button_conditioner_8
reg__14: reg__14
case__56: case__56
case__37: case__37
logic__107: logic__62
logic__39: logic__39
case__20: case__20
logic__41: logic__41
logic__42: logic__42
logic__49: logic__49
case__51: case__51
case__33: case__33
logic__104: logic__65
beta_2: beta_2
counter__2: counter
logic__54: logic__54
button_3__2: button_3
muxpart__10: muxpart__10
